64.15.129.124 - - [22/Dec/2020:14:23:19 +0800] "GET /favicon.ico HTTP/1.1" 404 - "https://www.hewlett-packard-lovecraft.tk/" "Mozilla/5.0 (X11; Linux x86_64) AppleWebKit/537.36 (KHTML, like Gecko) Chrome/86.0.4240.111 Safari/537.36"
64.15.129.102 - - [22/Dec/2020:14:23:24 +0800] "GET / HTTP/1.1" 200 1002 "-" "Mozilla/5.0 (X11; Linux x86_64) AppleWebKit/537.36 (KHTML, like Gecko) Chrome/86.0.4240.111 Safari/537.36"
64.15.129.102 - - [22/Dec/2020:14:23:24 +0800] "GET /style.css HTTP/1.1" 200 1411 "https://www.hewlett-packard-lovecraft.tk/" "Mozilla/5.0 (X11; Linux x86_64) AppleWebKit/537.36 (KHTML, like Gecko) Chrome/86.0.4240.111 Safari/537.36"
64.15.129.102 - - [22/Dec/2020:14:23:25 +0800] "GET /press-start-webfont.woff2 HTTP/1.1" 200 14276 "https://www.hewlett-packard-lovecraft.tk/style.css" "Mozilla/5.0 (X11; Linux x86_64) AppleWebKit/537.36 (KHTML, like Gecko) Chrome/86.0.4240.111 Safari/537.36"
64.15.129.106 - - [22/Dec/2020:14:23:25 +0800] "GET /favicon.ico HTTP/1.1" 404 - "https://www.hewlett-packard-lovecraft.tk/" "Mozilla/5.0 (X11; Linux x86_64) AppleWebKit/537.36 (KHTML, like Gecko) Chrome/86.0.4240.111 Safari/537.36"
64.15.129.106 - - [22/Dec/2020:14:23:27 +0800] "GET / HTTP/1.1" 200 1002 "-" "Mozilla/5.0 (X11; Linux x86_64) AppleWebKit/537.36 (KHTML, like Gecko) Chrome/86.0.4240.111 Safari/537.36"
64.15.129.106 - - [22/Dec/2020:14:23:27 +0800] "GET /style.css HTTP/1.1" 200 1411 "https://www.hewlett-packard-lovecraft.tk/" "Mozilla/5.0 (X11; Linux x86_64) AppleWebKit/537.36 (KHTML, like Gecko) Chrome/86.0.4240.111 Safari/537.36"
64.15.129.106 - - [22/Dec/2020:14:23:28 +0800] "GET /press-start-webfont.woff2 HTTP/1.1" 200 14276 "https://www.hewlett-packard-lovecraft.tk/style.css" "Mozilla/5.0 (X11; Linux x86_64) AppleWebKit/537.36 (KHTML, like Gecko) Chrome/86.0.4240.111 Safari/537.36"
64.15.129.102 - - [22/Dec/2020:14:23:28 +0800] "GET /favicon.ico HTTP/1.1" 404 - "https://www.hewlett-packard-lovecraft.tk/" "Mozilla/5.0 (X11; Linux x86_64) AppleWebKit/537.36 (KHTML, like Gecko) Chrome/86.0.4240.111 Safari/537.36"
64.15.129.118 - - [22/Dec/2020:14:23:44 +0800] "GET / HTTP/1.0" 200 1002 "-" "Mozilla/5.0 (X11; Linux x86_64) AppleWebKit/537.36 (KHTML, like Gecko) Chrome/73.0.3683.75 Safari/537.36"
64.15.129.119 - - [22/Dec/2020:14:23:45 +0800] "\n" 400 957 "-" "-"
192.175.111.233 - - [22/Dec/2020:14:23:45 +0800] "\n" 400 957 "-" "-"
64.15.129.116 - - [22/Dec/2020:14:23:46 +0800] "GET / HTTP/1.0" 200 1002 "-" "Mozilla/5.0 (X11; Linux x86_64) AppleWebKit/537.36 (KHTML, like Gecko) Chrome/73.0.3683.75 Safari/537.36"
192.175.111.241 - - [22/Dec/2020:14:23:51 +0800] "\n" 400 957 "-" "-"
192.175.111.243 - - [22/Dec/2020:14:23:53 +0800] "GET / HTTP/1.1" 200 1002 "-" "TLS tester from https://testssl.sh/dev/"
64.15.129.118 - - [22/Dec/2020:14:23:54 +0800] "GET / HTTP/1.1" 200 1002 "-" "TLS tester from https://testssl.sh/dev/"
217.66.238.28 - - [22/Dec/2020:14:23:58 +0800] "GET /error404.html HTTP/1.1" 200 465 "-" "Mozilla/5.0 (Windows NT 10.0; Win64; x64) AppleWebKit/537.36 (KHTML, like Gecko) Chrome/87.0.4280.88 Safari/537.36 Edg/87.0.664.66"
217.66.238.28 - - [22/Dec/2020:14:23:59 +0800] "GET /style.css HTTP/1.1" 200 1411 "https://www.hewlett-packard-lovecraft.tk/error404.html" "Mozilla/5.0 (Windows NT 10.0; Win64; x64) AppleWebKit/537.36 (KHTML, like Gecko) Chrome/87.0.4280.88 Safari/537.36 Edg/87.0.664.66"
217.66.238.28 - - [22/Dec/2020:14:23:59 +0800] "GET /press-start-webfont.woff2 HTTP/1.1" 200 14276 "https://www.hewlett-packard-lovecraft.tk/style.css" "Mozilla/5.0 (Windows NT 10.0; Win64; x64) AppleWebKit/537.36 (KHTML, like Gecko) Chrome/87.0.4280.88 Safari/537.36 Edg/87.0.664.66"
217.66.238.28 - - [22/Dec/2020:14:23:59 +0800] "GET /favicon.ico HTTP/1.1" 404 - "https://www.hewlett-packard-lovecraft.tk/error404.html" "Mozilla/5.0 (Windows NT 10.0; Win64; x64) AppleWebKit/537.36 (KHTML, like Gecko) Chrome/87.0.4280.88 Safari/537.36 Edg/87.0.664.66"
64.15.129.116 - - [22/Dec/2020:14:24:09 +0800] "GET / HTTP/1.1" 200 1002 "-" "Mozilla/5.0 (X11; Linux x86_64) AppleWebKit/537.36 (KHTML, like Gecko) Chrome/86.0.4240.111 Safari/537.36"
64.15.129.116 - - [22/Dec/2020:14:24:09 +0800] "GET /style.css HTTP/1.1" 200 1411 "https://hewlett-packard-lovecraft.tk/" "Mozilla/5.0 (X11; Linux x86_64) AppleWebKit/537.36 (KHTML, like Gecko) Chrome/86.0.4240.111 Safari/537.36"
64.15.129.116 - - [22/Dec/2020:14:24:09 +0800] "GET /press-start-webfont.woff2 HTTP/1.1" 200 14276 "https://hewlett-packard-lovecraft.tk/style.css" "Mozilla/5.0 (X11; Linux x86_64) AppleWebKit/537.36 (KHTML, like Gecko) Chrome/86.0.4240.111 Safari/537.36"
64.15.129.117 - - [22/Dec/2020:14:24:09 +0800] "GET /favicon.ico HTTP/1.1" 404 - "https://hewlett-packard-lovecraft.tk/" "Mozilla/5.0 (X11; Linux x86_64) AppleWebKit/537.36 (KHTML, like Gecko) Chrome/86.0.4240.111 Safari/537.36"
217.66.238.28 - - [22/Dec/2020:14:24:10 +0800] "GET /error403.html HTTP/1.1" 200 451 "-" "Mozilla/5.0 (Windows NT 10.0; Win64; x64) AppleWebKit/537.36 (KHTML, like Gecko) Chrome/87.0.4280.88 Safari/537.36 Edg/87.0.664.66"
217.66.238.28 - - [22/Dec/2020:14:24:17 +0800] "GET /error500.html HTTP/1.1" 200 462 "-" "Mozilla/5.0 (Windows NT 10.0; Win64; x64) AppleWebKit/537.36 (KHTML, like Gecko) Chrome/87.0.4280.88 Safari/537.36 Edg/87.0.664.66"
64.15.129.102 - - [22/Dec/2020:14:24:18 +0800] "GET / HTTP/1.1" 200 1002 "-" "Mozilla/5.0 (X11; Linux x86_64) AppleWebKit/537.36 (KHTML, like Gecko) Chrome/86.0.4240.111 Safari/537.36"
64.15.129.102 - - [22/Dec/2020:14:24:18 +0800] "GET /style.css HTTP/1.1" 200 1411 "https://hewlett-packard-lovecraft.tk/" "Mozilla/5.0 (X11; Linux x86_64) AppleWebKit/537.36 (KHTML, like Gecko) Chrome/86.0.4240.111 Safari/537.36"
64.15.129.102 - - [22/Dec/2020:14:24:18 +0800] "GET /press-start-webfont.woff2 HTTP/1.1" 200 14276 "https://hewlett-packard-lovecraft.tk/style.css" "Mozilla/5.0 (X11; Linux x86_64) AppleWebKit/537.36 (KHTML, like Gecko) Chrome/86.0.4240.111 Safari/537.36"
192.175.111.252 - - [22/Dec/2020:14:24:18 +0800] "GET /favicon.ico HTTP/1.1" 404 - "https://hewlett-packard-lovecraft.tk/" "Mozilla/5.0 (X11; Linux x86_64) AppleWebKit/537.36 (KHTML, like Gecko) Chrome/86.0.4240.111 Safari/537.36"
217.66.238.28 - - [22/Dec/2020:14:24:26 +0800] "GET / HTTP/1.1" 200 1002 "-" "Mozilla/5.0 (Windows NT 10.0; Win64; x64) AppleWebKit/537.36 (KHTML, like Gecko) Chrome/87.0.4280.88 Safari/537.36 Edg/87.0.664.66"
192.175.111.228 - - [22/Dec/2020:14:24:37 +0800] "GET / HTTP/1.0" 200 1002 "-" "Mozilla/5.0 (X11; Linux x86_64) AppleWebKit/537.36 (KHTML, like Gecko) Chrome/73.0.3683.75 Safari/537.36"
50.64.17.231 - - [22/Dec/2020:14:24:45 +0800] "GET /dsadsa HTTP/1.1" 404 - "-" "Mozilla/5.0 (X11; Fedora; Linux x86_64; rv:84.0) Gecko/20100101 Firefox/84.0"
192.175.111.229 - - [22/Dec/2020:14:24:47 +0800] "GET / HTTP/1.1" 200 1002 "-" "TLS tester from https://testssl.sh/dev/"
50.64.17.231 - - [22/Dec/2020:14:24:47 +0800] "GET /dsadsa HTTP/1.1" 404 - "-" "Mozilla/5.0 (X11; Fedora; Linux x86_64; rv:84.0) Gecko/20100101 Firefox/84.0"
50.64.17.231 - - [22/Dec/2020:14:24:54 +0800] "GET /dsadsa HTTP/1.1" 404 - "-" "Mozilla/5.0 (X11; Fedora; Linux x86_64; rv:84.0) Gecko/20100101 Firefox/84.0"
50.64.17.231 - - [22/Dec/2020:14:24:55 +0800] "GET /dsadsa HTTP/1.1" 404 - "-" "Mozilla/5.0 (X11; Fedora; Linux x86_64; rv:84.0) Gecko/20100101 Firefox/84.0"
50.64.17.231 - - [22/Dec/2020:14:25:18 +0800] "GET /dsadsa HTTP/1.1" 404 465 "-" "Mozilla/5.0 (X11; Fedora; Linux x86_64; rv:84.0) Gecko/20100101 Firefox/84.0"
50.64.17.231 - - [22/Dec/2020:14:25:18 +0800] "GET /style.css HTTP/1.1" 304 - "https://www.hewlett-packard-lovecraft.tk/dsadsa" "Mozilla/5.0 (X11; Fedora; Linux x86_64; rv:84.0) Gecko/20100101 Firefox/84.0"
50.64.17.231 - - [22/Dec/2020:14:25:43 +0800] "GET /dsadsa HTTP/1.1" 404 465 "-" "Mozilla/5.0 (X11; Fedora; Linux x86_64; rv:84.0) Gecko/20100101 Firefox/84.0"
50.64.17.231 - - [22/Dec/2020:14:27:25 +0800] "GET /index.html HTTP/1.1" 200 1002 "https://www.hewlett-packard-lovecraft.tk/dsadsa" "Mozilla/5.0 (X11; Fedora; Linux x86_64; rv:84.0) Gecko/20100101 Firefox/84.0"
50.33.18.251 - - [22/Dec/2020:14:32:11 +0800] "GET /error500.html HTTP/1.1" 200 462 "-" "Mozilla/5.0 (X11; Fedora; Linux x86_64; rv:83.0) Gecko/20100101 Firefox/83.0"
50.33.18.251 - - [22/Dec/2020:14:32:11 +0800] "GET /style.css HTTP/1.1" 200 1411 "https://www.hewlett-packard-lovecraft.tk/error500.html" "Mozilla/5.0 (X11; Fedora; Linux x86_64; rv:83.0) Gecko/20100101 Firefox/83.0"
128.90.168.116 - - [22/Dec/2020:14:32:41 +0800] "GET / HTTP/1.1" 200 1002 "-" "Mozilla/5.0 (Windows; U; Windows NT 6.1 en-US; rv:1.9.2.18) Gecko/20110614 Firefox/53.6.11"
128.90.168.116 - - [22/Dec/2020:14:32:41 +0800] "GET / HTTP/1.1" 200 1002 "-" "Mozilla/5.0 (Windows NT 6.1) AppleWebKit/537.36 (KHTML, like Gecko) Chrome/63.0.2223.0 Safari/537.36"
128.90.168.116 - - [22/Dec/2020:14:32:41 +0800] "GET / HTTP/1.1" 200 1002 "https://8.211.32.50:443/" "Mozilla/5.0 (Windows NT 6.1) AppleWebKit/537.36 (KHTML, like Gecko) Chrome/63.0.2223.0 Safari/537.36"
128.90.168.116 - - [22/Dec/2020:14:32:41 +0800] "GET /Autodiscover/Autodiscover.xml HTTP/1.1" 404 465 "-" "Mozilla/5.0 (Windows NT 6.1; WOW64; Trident/7.0; rv:11.0) like Gecko"
128.90.168.116 - - [22/Dec/2020:14:32:41 +0800] "GET /Autodiscover/Autodiscover.xml HTTP/1.1" 404 465 "-" "Mozilla/5.0 (Windows NT 6.1; WOW64; Trident/7.0; rv:11.0) like Gecko"
128.90.168.116 - - [22/Dec/2020:14:32:41 +0800] "GET / HTTP/1.1" 200 1002 "-" "Mozilla/5.0 (Windows NT 6.1; WOW64; Trident/7.0; rv:11.0) like Gecko"
128.90.168.116 - - [22/Dec/2020:14:32:41 +0800] "GET /jmx-console/ HTTP/1.1" 404 465 "https://8.211.32.50:443" "Mozilla/5.0 (Windows NT 6.1; WOW64; Trident/7.0; rv:11.0) like Gecko"
128.90.168.116 - - [22/Dec/2020:14:32:41 +0800] "GET /jmx-console/ HTTP/1.1" 404 465 "https://8.211.32.50:443" "Mozilla/5.0 (Windows NT 6.1; WOW64; Trident/7.0; rv:11.0) like Gecko"
128.90.168.116 - - [22/Dec/2020:14:32:41 +0800] "GET / HTTP/1.1" 200 1002 "-" "Mozilla/5.0 (Windows NT 6.1; WOW64; Trident/7.0; rv:11.0) like Gecko"
128.90.168.116 - - [22/Dec/2020:14:32:42 +0800] "GET /web-console/ServerInfo.jsp HTTP/1.1" 404 465 "https://8.211.32.50:443" "Mozilla/5.0 (Windows NT 6.1; WOW64; Trident/7.0; rv:11.0) like Gecko"
128.90.168.116 - - [22/Dec/2020:14:32:42 +0800] "GET /web-console/ServerInfo.jsp HTTP/1.1" 404 465 "https://8.211.32.50:443" "Mozilla/5.0 (Windows NT 6.1; WOW64; Trident/7.0; rv:11.0) like Gecko"
128.90.168.116 - - [22/Dec/2020:14:32:42 +0800] "GET /manager/html HTTP/1.1" 404 465 "-" "Mozilla/5.0 (Windows NT 6.1; WOW64; Trident/7.0; rv:11.0) like Gecko"
128.90.168.116 - - [22/Dec/2020:14:32:42 +0800] "GET / HTTP/1.1" 200 1002 "-" "Mozilla/5.0 (Windows NT 6.1) AppleWebKit/537.36 (KHTML, like Gecko) Chrome/42.0.2223.0 Safari/537.36"
128.90.168.116 - - [22/Dec/2020:14:32:42 +0800] "GET /pma/ HTTP/1.1" 404 465 "https://8.211.32.50:443" "Mozilla/5.0 (Windows NT 6.1) AppleWebKit/537.36 (KHTML, like Gecko) Chrome/42.0.2223.0 Safari/537.36"
128.90.168.116 - - [22/Dec/2020:14:32:42 +0800] "GET /phpmyadmin/ HTTP/1.1" 404 465 "https://8.211.32.50:443" "Mozilla/5.0 (Windows NT 6.1) AppleWebKit/537.36 (KHTML, like Gecko) Chrome/42.0.2223.0 Safari/537.36"
128.90.168.116 - - [22/Dec/2020:14:32:42 +0800] "GET /phpMyAdmin/ HTTP/1.1" 404 465 "https://8.211.32.50:443" "Mozilla/5.0 (Windows NT 6.1) AppleWebKit/537.36 (KHTML, like Gecko) Chrome/42.0.2223.0 Safari/537.36"
128.90.168.116 - - [22/Dec/2020:14:32:42 +0800] "GET / HTTP/1.1" 200 1002 "-" "Mozilla/4.0 (compatible; MSIE 9.0; Windows NT 6.1; SV1; .NET CLR 2.0.50727; .NET CLR 1.1.4322; .NET CLR 3.0.04506.30)"
128.90.168.116 - - [22/Dec/2020:14:32:43 +0800] "GET / HTTP/1.1" 200 1002 "-" "Mozilla/5.0 (Windows NT 6.1) AppleWebKit/537.36 (KHTML, like Gecko) Chrome/63.0.2223.0 Safari/537.36"
128.90.168.116 - - [22/Dec/2020:14:32:44 +0800] "GET / HTTP/1.1" 200 1002 "-" "Mozilla/5.0 (Windows NT 6.1) AppleWebKit/537.36 (KHTML, like Gecko) Chrome/63.0.2223.0 Safari/537.36"
128.90.168.116 - - [22/Dec/2020:14:32:44 +0800] "GET / HTTP/1.1" 200 1002 "https://www.hewlett-packard-lovecraft.tk:443/" "Mozilla/5.0 (Windows NT 6.1) AppleWebKit/537.36 (KHTML, like Gecko) Chrome/63.0.2223.0 Safari/537.36"
128.90.168.116 - - [22/Dec/2020:14:32:44 +0800] "GET /Autodiscover/Autodiscover.xml HTTP/1.1" 404 465 "-" "Mozilla/5.0 (Macintosh; Intel Mac OS X 10_14_5) AppleWebKit/605.1.15 (KHTML, like Gecko) Version/12.1.1 Safari/605.1.15"
128.90.168.116 - - [22/Dec/2020:14:32:44 +0800] "GET /Autodiscover/Autodiscover.xml HTTP/1.1" 404 465 "-" "Mozilla/5.0 (Macintosh; Intel Mac OS X 10_14_5) AppleWebKit/605.1.15 (KHTML, like Gecko) Version/12.1.1 Safari/605.1.15"
128.90.168.116 - - [22/Dec/2020:14:32:44 +0800] "GET / HTTP/1.1" 200 1002 "-" "Mozilla/5.0 (Windows NT 6.1; WOW64; Trident/7.0; rv:11.0) like Gecko"
128.90.168.116 - - [22/Dec/2020:14:32:44 +0800] "GET /jmx-console/ HTTP/1.1" 404 465 "https://www.hewlett-packard-lovecraft.tk:443" "Mozilla/5.0 (Windows NT 6.1; WOW64; Trident/7.0; rv:11.0) like Gecko"
128.90.168.116 - - [22/Dec/2020:14:32:44 +0800] "GET /jmx-console/ HTTP/1.1" 404 465 "https://www.hewlett-packard-lovecraft.tk:443" "Mozilla/5.0 (Windows NT 6.1; WOW64; Trident/7.0; rv:11.0) like Gecko"
128.90.168.116 - - [22/Dec/2020:14:32:44 +0800] "GET / HTTP/1.1" 200 1002 "-" "Mozilla/5.0 (Windows NT 6.1; WOW64; Trident/7.0; rv:11.0) like Gecko"
128.90.168.116 - - [22/Dec/2020:14:32:44 +0800] "GET /web-console/ServerInfo.jsp HTTP/1.1" 404 465 "https://www.hewlett-packard-lovecraft.tk:443" "Mozilla/5.0 (Windows NT 6.1; WOW64; Trident/7.0; rv:11.0) like Gecko"
128.90.168.116 - - [22/Dec/2020:14:32:44 +0800] "GET /web-console/ServerInfo.jsp HTTP/1.1" 404 465 "https://www.hewlett-packard-lovecraft.tk:443" "Mozilla/5.0 (Windows NT 6.1; WOW64; Trident/7.0; rv:11.0) like Gecko"
128.90.168.116 - - [22/Dec/2020:14:32:45 +0800] "GET /manager/html HTTP/1.1" 404 465 "-" "Mozilla/5.0 (Windows NT 6.1; WOW64; Trident/7.0; rv:11.0) like Gecko"
128.90.168.116 - - [22/Dec/2020:14:32:45 +0800] "GET / HTTP/1.1" 200 1002 "-" "Mozilla/4.0 (compatible; MSIE 8.0; Windows NT 6.1; SV1; .NET CLR 2.0.50727; .NET CLR 1.1.4322; .NET CLR 3.0.04506.30)"
128.90.168.116 - - [22/Dec/2020:14:32:45 +0800] "GET /pma/ HTTP/1.1" 404 465 "https://www.hewlett-packard-lovecraft.tk:443" "Mozilla/4.0 (compatible; MSIE 8.0; Windows NT 6.1; SV1; .NET CLR 2.0.50727; .NET CLR 1.1.4322; .NET CLR 3.0.04506.30)"
128.90.168.116 - - [22/Dec/2020:14:32:45 +0800] "GET /phpmyadmin/ HTTP/1.1" 404 465 "https://www.hewlett-packard-lovecraft.tk:443" "Mozilla/4.0 (compatible; MSIE 8.0; Windows NT 6.1; SV1; .NET CLR 2.0.50727; .NET CLR 1.1.4322; .NET CLR 3.0.04506.30)"
128.90.168.116 - - [22/Dec/2020:14:32:45 +0800] "GET /phpMyAdmin/ HTTP/1.1" 404 465 "https://www.hewlett-packard-lovecraft.tk:443" "Mozilla/4.0 (compatible; MSIE 8.0; Windows NT 6.1; SV1; .NET CLR 2.0.50727; .NET CLR 1.1.4322; .NET CLR 3.0.04506.30)"
128.90.168.116 - - [22/Dec/2020:14:32:45 +0800] "GET / HTTP/1.1" 200 1002 "-" "Mozilla/5.0 (Windows; U; Windows NT 6.1 en-US; rv:1.9.2.18) Gecko/20110614 Firefox/3.6.18"
50.64.17.231 - - [22/Dec/2020:14:38:03 +0800] "GET /444 HTTP/1.1" 404 465 "-" "Mozilla/5.0 (X11; Fedora; Linux x86_64; rv:84.0) Gecko/20100101 Firefox/84.0"
50.64.17.231 - - [22/Dec/2020:14:38:03 +0800] "GET /style.css HTTP/1.1" 200 1411 "https://www.hewlett-packard-lovecraft.tk/444" "Mozilla/5.0 (X11; Fedora; Linux x86_64; rv:84.0) Gecko/20100101 Firefox/84.0"
50.64.17.231 - - [22/Dec/2020:14:38:03 +0800] "GET /press-start-webfont.woff2 HTTP/1.1" 304 - "https://www.hewlett-packard-lovecraft.tk/style.css" "Mozilla/5.0 (X11; Fedora; Linux x86_64; rv:84.0) Gecko/20100101 Firefox/84.0"
63.245.208.130 - - [22/Dec/2020:14:38:13 +0800] "GET / HTTP/1.1" 200 1002 "-" "Mozilla/5.0 (Macintosh; Intel Mac OS X 10.15; rv:82.0) Gecko/20100101 Firefox/82.0 Observatory/82.0"
35.222.249.109 - - [22/Dec/2020:14:38:13 +0800] "GET / HTTP/1.1" 200 1002 "-" "Go-http-client/1.1"
63.245.208.130 - - [22/Dec/2020:14:38:13 +0800] "GET / HTTP/1.1" 200 1002 "-" "Mozilla/5.0 (Macintosh; Intel Mac OS X 10.15; rv:82.0) Gecko/20100101 Firefox/82.0 Observatory/82.0"
63.245.208.130 - - [22/Dec/2020:14:38:13 +0800] "GET /clientaccesspolicy.xml HTTP/1.1" 404 465 "-" "Mozilla/5.0 (Macintosh; Intel Mac OS X 10.15; rv:82.0) Gecko/20100101 Firefox/82.0 Observatory/82.0"
35.222.249.109 - - [22/Dec/2020:14:38:13 +0800] "GET / HTTP/1.1" 200 1002 "-" "Go-http-client/1.1"
63.245.208.130 - - [22/Dec/2020:14:38:13 +0800] "GET /contribute.json HTTP/1.1" 404 465 "-" "Mozilla/5.0 (Macintosh; Intel Mac OS X 10.15; rv:82.0) Gecko/20100101 Firefox/82.0 Observatory/82.0"
63.245.208.130 - - [22/Dec/2020:14:38:13 +0800] "GET /crossdomain.xml HTTP/1.1" 404 465 "-" "Mozilla/5.0 (Macintosh; Intel Mac OS X 10.15; rv:82.0) Gecko/20100101 Firefox/82.0 Observatory/82.0"
63.245.208.130 - - [22/Dec/2020:14:38:13 +0800] "GET /robots.txt HTTP/1.1" 404 465 "-" "Mozilla/5.0 (Macintosh; Intel Mac OS X 10.15; rv:82.0) Gecko/20100101 Firefox/82.0 Observatory/82.0"
167.172.196.35 - - [22/Dec/2020:14:38:14 +0800] "GET / HTTP/1.1" 200 1002 "https://securityheaders.com/" "Mozilla/5.0 (Windows NT 10.0; Win64; x64) AppleWebKit/537.36 (KHTML, like Gecko) Chrome/75.0.3770.142 Safari/537.36"
64.41.200.105 - - [22/Dec/2020:14:38:27 +0800] "GET / HTTP/1.1" 200 1002 "-" "Mozilla/5.0 (X11; Linux x86_64; rv:45.0) Gecko/20100101 Firefox/45.0; on behalf of 50.64.17.231"
64.41.200.105 - - [22/Dec/2020:14:38:30 +0800] "GET /?SSL_Labs_Renegotiation_Test=User_Agent_May_Not_Show HTTP/1.0" 400 226 "-" "-"
50.64.17.231 - - [22/Dec/2020:14:51:49 +0800] "GET /style.css HTTP/1.1" 200 1411 "https://www.hewlett-packard-lovecraft.tk/" "Mozilla/5.0 (X11; Fedora; Linux x86_64; rv:84.0) Gecko/20100101 Firefox/84.0"
50.64.17.231 - - [22/Dec/2020:14:51:49 +0800] "GET /press-start-webfont.woff2 HTTP/1.1" 200 14276 "https://www.hewlett-packard-lovecraft.tk/style.css" "Mozilla/5.0 (X11; Fedora; Linux x86_64; rv:84.0) Gecko/20100101 Firefox/84.0"
50.64.17.231 - - [22/Dec/2020:14:51:56 +0800] "GET /4040 HTTP/1.1" 404 465 "-" "Mozilla/5.0 (X11; Fedora; Linux x86_64; rv:84.0) Gecko/20100101 Firefox/84.0"
50.64.17.231 - - [22/Dec/2020:14:51:56 +0800] "GET /style.css HTTP/1.1" 200 1411 "https://www.hewlett-packard-lovecraft.tk/4040" "Mozilla/5.0 (X11; Fedora; Linux x86_64; rv:84.0) Gecko/20100101 Firefox/84.0"
87.214.246.84 - - [22/Dec/2020:14:59:48 +0800] "GET /error500.html HTTP/1.1" 200 462 "-" "Mozilla/5.0 (X11; Linux x86_64) AppleWebKit/537.36 (KHTML, like Gecko) Chrome/87.0.4280.107 Safari/537.36"
87.214.246.84 - - [22/Dec/2020:14:59:48 +0800] "GET /style.css HTTP/1.1" 200 1411 "https://www.hewlett-packard-lovecraft.tk/error500.html" "Mozilla/5.0 (X11; Linux x86_64) AppleWebKit/537.36 (KHTML, like Gecko) Chrome/87.0.4280.107 Safari/537.36"
87.214.246.84 - - [22/Dec/2020:14:59:48 +0800] "GET /press-start-webfont.woff2 HTTP/1.1" 200 14276 "https://www.hewlett-packard-lovecraft.tk/style.css" "Mozilla/5.0 (X11; Linux x86_64) AppleWebKit/537.36 (KHTML, like Gecko) Chrome/87.0.4280.107 Safari/537.36"
87.214.246.84 - - [22/Dec/2020:14:59:48 +0800] "GET /favicon.ico HTTP/1.1" 404 465 "https://www.hewlett-packard-lovecraft.tk/error500.html" "Mozilla/5.0 (X11; Linux x86_64) AppleWebKit/537.36 (KHTML, like Gecko) Chrome/87.0.4280.107 Safari/537.36"
50.64.17.231 - - [22/Dec/2020:15:05:48 +0800] "GET /style.css HTTP/1.1" 200 1411 "https://www.hewlett-packard-lovecraft.tk/" "Mozilla/5.0 (X11; Fedora; Linux x86_64; rv:84.0) Gecko/20100101 Firefox/84.0"
50.64.17.231 - - [22/Dec/2020:15:05:48 +0800] "GET /press-start-webfont.woff2 HTTP/1.1" 200 14276 "https://www.hewlett-packard-lovecraft.tk/style.css" "Mozilla/5.0 (X11; Fedora; Linux x86_64; rv:84.0) Gecko/20100101 Firefox/84.0"
50.64.17.231 - - [22/Dec/2020:15:05:50 +0800] "GET /dotfiles/ HTTP/1.1" 200 946 "https://www.hewlett-packard-lovecraft.tk/" "Mozilla/5.0 (X11; Fedora; Linux x86_64; rv:84.0) Gecko/20100101 Firefox/84.0"
50.64.17.231 - - [22/Dec/2020:15:05:50 +0800] "GET /icons/blank.gif HTTP/1.1" 200 148 "https://www.hewlett-packard-lovecraft.tk/dotfiles/" "Mozilla/5.0 (X11; Fedora; Linux x86_64; rv:84.0) Gecko/20100101 Firefox/84.0"
50.64.17.231 - - [22/Dec/2020:15:05:52 +0800] "GET /textbooks/ HTTP/1.1" 200 4029 "https://www.hewlett-packard-lovecraft.tk/" "Mozilla/5.0 (X11; Fedora; Linux x86_64; rv:84.0) Gecko/20100101 Firefox/84.0"
50.64.17.231 - - [22/Dec/2020:15:05:52 +0800] "GET /icons/layout.gif HTTP/1.1" 200 276 "https://www.hewlett-packard-lovecraft.tk/textbooks/" "Mozilla/5.0 (X11; Fedora; Linux x86_64; rv:84.0) Gecko/20100101 Firefox/84.0"
50.64.17.231 - - [22/Dec/2020:15:05:52 +0800] "GET /icons/folder.gif HTTP/1.1" 200 225 "https://www.hewlett-packard-lovecraft.tk/textbooks/" "Mozilla/5.0 (X11; Fedora; Linux x86_64; rv:84.0) Gecko/20100101 Firefox/84.0"
50.64.17.231 - - [22/Dec/2020:15:05:53 +0800] "GET /about.html HTTP/1.1" 200 396 "https://www.hewlett-packard-lovecraft.tk/" "Mozilla/5.0 (X11; Fedora; Linux x86_64; rv:84.0) Gecko/20100101 Firefox/84.0"
35.222.249.109 - - [22/Dec/2020:15:10:40 +0800] "GET / HTTP/1.1" 200 1002 "-" "Go-http-client/1.1"
35.222.249.109 - - [22/Dec/2020:15:10:40 +0800] "GET / HTTP/1.1" 200 1002 "-" "Go-http-client/1.1"
63.245.208.130 - - [22/Dec/2020:15:10:41 +0800] "GET / HTTP/1.1" 200 1002 "-" "Mozilla/5.0 (Macintosh; Intel Mac OS X 10.15; rv:82.0) Gecko/20100101 Firefox/82.0 Observatory/82.0"
63.245.208.130 - - [22/Dec/2020:15:10:41 +0800] "GET / HTTP/1.1" 200 1002 "-" "Mozilla/5.0 (Macintosh; Intel Mac OS X 10.15; rv:82.0) Gecko/20100101 Firefox/82.0 Observatory/82.0"
63.245.208.130 - - [22/Dec/2020:15:10:41 +0800] "GET /clientaccesspolicy.xml HTTP/1.1" 404 465 "-" "Mozilla/5.0 (Macintosh; Intel Mac OS X 10.15; rv:82.0) Gecko/20100101 Firefox/82.0 Observatory/82.0"
167.172.196.35 - - [22/Dec/2020:15:10:41 +0800] "GET / HTTP/1.1" 200 1002 "https://securityheaders.com/" "Mozilla/5.0 (Windows NT 10.0; Win64; x64) AppleWebKit/537.36 (KHTML, like Gecko) Chrome/75.0.3770.142 Safari/537.36"
63.245.208.130 - - [22/Dec/2020:15:10:41 +0800] "GET /contribute.json HTTP/1.1" 404 465 "-" "Mozilla/5.0 (Macintosh; Intel Mac OS X 10.15; rv:82.0) Gecko/20100101 Firefox/82.0 Observatory/82.0"
63.245.208.130 - - [22/Dec/2020:15:10:41 +0800] "GET /crossdomain.xml HTTP/1.1" 404 465 "-" "Mozilla/5.0 (Macintosh; Intel Mac OS X 10.15; rv:82.0) Gecko/20100101 Firefox/82.0 Observatory/82.0"
63.245.208.130 - - [22/Dec/2020:15:10:41 +0800] "GET /robots.txt HTTP/1.1" 404 465 "-" "Mozilla/5.0 (Macintosh; Intel Mac OS X 10.15; rv:82.0) Gecko/20100101 Firefox/82.0 Observatory/82.0"
50.64.17.231 - - [22/Dec/2020:15:14:00 +0800] "GET /error404.html HTTP/1.1" 200 465 "-" "Mozilla/5.0 (X11; Fedora; Linux x86_64; rv:84.0) Gecko/20100101 Firefox/84.0"
50.64.17.231 - - [22/Dec/2020:15:14:00 +0800] "GET /style.css HTTP/1.1" 304 - "https://www.hewlett-packard-lovecraft.tk/error404.html" "Mozilla/5.0 (X11; Fedora; Linux x86_64; rv:84.0) Gecko/20100101 Firefox/84.0"
50.64.17.231 - - [22/Dec/2020:15:14:00 +0800] "GET /press-start-webfont.woff2 HTTP/1.1" 200 14276 "https://www.hewlett-packard-lovecraft.tk/style.css" "Mozilla/5.0 (X11; Fedora; Linux x86_64; rv:84.0) Gecko/20100101 Firefox/84.0"
50.64.17.231 - - [22/Dec/2020:15:14:18 +0800] "GET /error500.html HTTP/1.1" 304 - "-" "Mozilla/5.0 (X11; Fedora; Linux x86_64; rv:84.0) Gecko/20100101 Firefox/84.0"
50.64.17.231 - - [22/Dec/2020:15:24:32 +0800] "GET /style.css HTTP/1.1" 304 - "https://www.hewlett-packard-lovecraft.tk/" "Mozilla/5.0 (X11; Fedora; Linux x86_64; rv:84.0) Gecko/20100101 Firefox/84.0"
35.225.108.100 - - [22/Dec/2020:15:24:45 +0800] "GET / HTTP/1.1" 200 1002 "-" "Go-http-client/1.1"
35.225.108.100 - - [22/Dec/2020:15:24:45 +0800] "GET / HTTP/1.1" 200 1002 "-" "Go-http-client/1.1"
167.172.196.35 - - [22/Dec/2020:15:24:46 +0800] "GET / HTTP/1.1" 200 1002 "https://securityheaders.com/" "Mozilla/5.0 (Windows NT 10.0; Win64; x64) AppleWebKit/537.36 (KHTML, like Gecko) Chrome/75.0.3770.142 Safari/537.36"
63.245.208.129 - - [22/Dec/2020:15:24:47 +0800] "GET / HTTP/1.1" 200 1002 "-" "Mozilla/5.0 (Macintosh; Intel Mac OS X 10.15; rv:82.0) Gecko/20100101 Firefox/82.0 Observatory/82.0"
63.245.208.129 - - [22/Dec/2020:15:24:47 +0800] "GET / HTTP/1.1" 200 1002 "-" "Mozilla/5.0 (Macintosh; Intel Mac OS X 10.15; rv:82.0) Gecko/20100101 Firefox/82.0 Observatory/82.0"
63.245.208.129 - - [22/Dec/2020:15:24:47 +0800] "GET /clientaccesspolicy.xml HTTP/1.1" 404 465 "-" "Mozilla/5.0 (Macintosh; Intel Mac OS X 10.15; rv:82.0) Gecko/20100101 Firefox/82.0 Observatory/82.0"
63.245.208.129 - - [22/Dec/2020:15:24:48 +0800] "GET /contribute.json HTTP/1.1" 404 465 "-" "Mozilla/5.0 (Macintosh; Intel Mac OS X 10.15; rv:82.0) Gecko/20100101 Firefox/82.0 Observatory/82.0"
63.245.208.129 - - [22/Dec/2020:15:24:48 +0800] "GET /crossdomain.xml HTTP/1.1" 404 465 "-" "Mozilla/5.0 (Macintosh; Intel Mac OS X 10.15; rv:82.0) Gecko/20100101 Firefox/82.0 Observatory/82.0"
63.245.208.129 - - [22/Dec/2020:15:24:48 +0800] "GET /robots.txt HTTP/1.1" 404 465 "-" "Mozilla/5.0 (Macintosh; Intel Mac OS X 10.15; rv:82.0) Gecko/20100101 Firefox/82.0 Observatory/82.0"
212.83.146.233 - - [22/Dec/2020:15:24:55 +0800] "GET / HTTP/1.1" 200 1002 "-" "Mozilla/5.0 (X11; Ubuntu; Linux x86_64; rv:58.0) Gecko/20100101 Firefox/58.0"
50.64.17.231 - - [22/Dec/2020:15:28:28 +0800] "GET /projects.html HTTP/1.1" 200 1654 "https://www.hewlett-packard-lovecraft.tk/" "Mozilla/5.0 (X11; Fedora; Linux x86_64; rv:84.0) Gecko/20100101 Firefox/84.0"
35.225.108.100 - - [22/Dec/2020:15:28:59 +0800] "GET / HTTP/1.1" 200 1002 "-" "Go-http-client/1.1"
35.225.108.100 - - [22/Dec/2020:15:28:59 +0800] "GET / HTTP/1.1" 200 1002 "-" "Go-http-client/1.1"
167.172.196.35 - - [22/Dec/2020:15:29:00 +0800] "GET / HTTP/1.1" 200 1002 "https://securityheaders.com/" "Mozilla/5.0 (Windows NT 10.0; Win64; x64) AppleWebKit/537.36 (KHTML, like Gecko) Chrome/75.0.3770.142 Safari/537.36"
35.225.108.100 - - [22/Dec/2020:15:29:10 +0800] "GET / HTTP/1.1" 200 1002 "-" "Go-http-client/1.1"
35.225.108.100 - - [22/Dec/2020:15:29:11 +0800] "GET / HTTP/1.1" 200 1002 "-" "Go-http-client/1.1"
35.222.249.109 - - [22/Dec/2020:15:29:58 +0800] "GET / HTTP/1.1" 200 1002 "-" "Go-http-client/1.1"
35.222.249.109 - - [22/Dec/2020:15:29:58 +0800] "GET / HTTP/1.1" 200 1002 "-" "Go-http-client/1.1"
35.225.108.100 - - [22/Dec/2020:15:30:00 +0800] "GET / HTTP/1.1" 200 1002 "-" "Go-http-client/1.1"
35.225.108.100 - - [22/Dec/2020:15:30:00 +0800] "GET / HTTP/1.1" 200 1002 "-" "Go-http-client/1.1"
50.64.17.231 - - [22/Dec/2020:15:30:16 +0800] "GET / HTTP/1.1" 200 1002 "-" "Mozilla/5.0 (X11; Fedora; Linux x86_64; rv:84.0) Gecko/20100101 Firefox/84.0"
50.64.17.231 - - [22/Dec/2020:15:30:16 +0800] "GET /style.css HTTP/1.1" 200 1411 "https://www.hewlett-packard-lovecraft.tk/" "Mozilla/5.0 (X11; Fedora; Linux x86_64; rv:84.0) Gecko/20100101 Firefox/84.0"
50.64.17.231 - - [22/Dec/2020:15:30:17 +0800] "GET /favicon.ico HTTP/1.1" 404 465 "https://www.hewlett-packard-lovecraft.tk/" "Mozilla/5.0 (X11; Fedora; Linux x86_64; rv:84.0) Gecko/20100101 Firefox/84.0"
50.64.17.231 - - [22/Dec/2020:15:30:17 +0800] "GET /press-start-webfont.woff2 HTTP/1.1" 200 14276 "https://www.hewlett-packard-lovecraft.tk/style.css" "Mozilla/5.0 (X11; Fedora; Linux x86_64; rv:84.0) Gecko/20100101 Firefox/84.0"
167.172.196.35 - - [22/Dec/2020:15:30:29 +0800] "GET / HTTP/1.1" 200 1002 "https://securityheaders.com/" "Mozilla/5.0 (Windows NT 10.0; Win64; x64) AppleWebKit/537.36 (KHTML, like Gecko) Chrome/75.0.3770.142 Safari/537.36"
35.222.249.109 - - [22/Dec/2020:15:30:29 +0800] "GET / HTTP/1.1" 200 1002 "-" "Go-http-client/1.1"
35.222.249.109 - - [22/Dec/2020:15:30:30 +0800] "GET / HTTP/1.1" 200 1002 "-" "Go-http-client/1.1"
167.172.196.35 - - [22/Dec/2020:15:31:08 +0800] "GET / HTTP/1.1" 200 1002 "https://securityheaders.com/" "Mozilla/5.0 (Windows NT 10.0; Win64; x64) AppleWebKit/537.36 (KHTML, like Gecko) Chrome/75.0.3770.142 Safari/537.36"
35.222.249.109 - - [22/Dec/2020:15:31:23 +0800] "GET / HTTP/1.1" 200 1002 "-" "Go-http-client/1.1"
35.222.249.109 - - [22/Dec/2020:15:31:23 +0800] "GET / HTTP/1.1" 200 1002 "-" "Go-http-client/1.1"
35.225.108.100 - - [22/Dec/2020:15:31:34 +0800] "GET / HTTP/1.1" 200 1002 "-" "Go-http-client/1.1"
167.172.196.35 - - [22/Dec/2020:15:31:42 +0800] "GET / HTTP/1.1" 200 1002 "https://securityheaders.com/" "Mozilla/5.0 (Windows NT 10.0; Win64; x64) AppleWebKit/537.36 (KHTML, like Gecko) Chrome/75.0.3770.142 Safari/537.36"
50.64.17.231 - - [22/Dec/2020:15:34:13 +0800] "GET / HTTP/1.1" 304 - "-" "Mozilla/5.0 (X11; Fedora; Linux x86_64; rv:84.0) Gecko/20100101 Firefox/84.0"
50.64.17.231 - - [22/Dec/2020:15:34:13 +0800] "GET /style.css HTTP/1.1" 304 - "https://www.hewlett-packard-lovecraft.tk/" "Mozilla/5.0 (X11; Fedora; Linux x86_64; rv:84.0) Gecko/20100101 Firefox/84.0"
167.172.196.35 - - [22/Dec/2020:15:34:22 +0800] "GET / HTTP/1.1" 200 1002 "https://securityheaders.com/" "Mozilla/5.0 (Windows NT 10.0; Win64; x64) AppleWebKit/537.36 (KHTML, like Gecko) Chrome/75.0.3770.142 Safari/537.36"
63.245.208.130 - - [22/Dec/2020:15:35:11 +0800] "GET / HTTP/1.1" 200 1002 "-" "Mozilla/5.0 (Macintosh; Intel Mac OS X 10.15; rv:82.0) Gecko/20100101 Firefox/82.0 Observatory/82.0"
63.245.208.130 - - [22/Dec/2020:15:35:11 +0800] "GET / HTTP/1.1" 200 1002 "-" "Mozilla/5.0 (Macintosh; Intel Mac OS X 10.15; rv:82.0) Gecko/20100101 Firefox/82.0 Observatory/82.0"
63.245.208.130 - - [22/Dec/2020:15:35:11 +0800] "GET /clientaccesspolicy.xml HTTP/1.1" 404 465 "-" "Mozilla/5.0 (Macintosh; Intel Mac OS X 10.15; rv:82.0) Gecko/20100101 Firefox/82.0 Observatory/82.0"
35.222.249.109 - - [22/Dec/2020:15:35:11 +0800] "GET / HTTP/1.1" 200 1002 "-" "Go-http-client/1.1"
63.245.208.130 - - [22/Dec/2020:15:35:11 +0800] "GET /contribute.json HTTP/1.1" 404 465 "-" "Mozilla/5.0 (Macintosh; Intel Mac OS X 10.15; rv:82.0) Gecko/20100101 Firefox/82.0 Observatory/82.0"
63.245.208.130 - - [22/Dec/2020:15:35:11 +0800] "GET /crossdomain.xml HTTP/1.1" 404 465 "-" "Mozilla/5.0 (Macintosh; Intel Mac OS X 10.15; rv:82.0) Gecko/20100101 Firefox/82.0 Observatory/82.0"
35.222.249.109 - - [22/Dec/2020:15:35:11 +0800] "GET / HTTP/1.1" 200 1002 "-" "Go-http-client/1.1"
63.245.208.130 - - [22/Dec/2020:15:35:11 +0800] "GET /robots.txt HTTP/1.1" 404 465 "-" "Mozilla/5.0 (Macintosh; Intel Mac OS X 10.15; rv:82.0) Gecko/20100101 Firefox/82.0 Observatory/82.0"
167.172.196.35 - - [22/Dec/2020:15:35:12 +0800] "GET / HTTP/1.1" 200 1002 "https://securityheaders.com/" "Mozilla/5.0 (Windows NT 10.0; Win64; x64) AppleWebKit/537.36 (KHTML, like Gecko) Chrome/75.0.3770.142 Safari/537.36"
171.25.193.25 - - [22/Dec/2020:15:37:19 +0800] "GET / HTTP/1.0" 400 957 "-" "-"
45.146.164.15 - - [22/Dec/2020:18:52:16 +0800] "POST /vendor/phpunit/phpunit/src/Util/PHP/eval-stdin.php HTTP/1.1" 404 465 "-" "Mozilla/5.0 (Windows NT 10.0; Win64; x64) AppleWebKit/537.36 (KHTML, like Gecko) Chrome/78.0.3904.108 Safari/537.36"
45.146.164.15 - - [22/Dec/2020:18:52:16 +0800] "POST /api/jsonws/invoke HTTP/1.1" 404 465 "-" "Mozilla/5.0 (Windows NT 10.0; Win64; x64) AppleWebKit/537.36 (KHTML, like Gecko) Chrome/78.0.3904.108 Safari/537.36"
45.146.164.15 - - [22/Dec/2020:18:52:16 +0800] "GET /index.php?s=/Index/\\think\\app/invokefunction&function=call_user_func_array&vars[0]=md5&vars[1][]=HelloThinkPHP21 HTTP/1.1" 404 465 "-" "Mozilla/5.0 (Windows NT 10.0; Win64; x64) AppleWebKit/537.36 (KHTML, like Gecko) Chrome/78.0.3904.108 Safari/537.36"
45.146.164.15 - - [22/Dec/2020:18:52:16 +0800] "GET /vendor/phpunit/phpunit/src/Util/PHP/eval-stdin.php HTTP/1.1" 404 465 "-" "Mozilla/5.0 (Windows NT 10.0; Win64; x64) AppleWebKit/537.36 (KHTML, like Gecko) Chrome/78.0.3904.108 Safari/537.36"
45.146.164.15 - - [22/Dec/2020:18:52:18 +0800] "GET /?XDEBUG_SESSION_START=phpstorm HTTP/1.1" 200 1002 "-" "Mozilla/5.0 (Windows NT 10.0; Win64; x64) AppleWebKit/537.36 (KHTML, like Gecko) Chrome/78.0.3904.108 Safari/537.36"
45.146.164.15 - - [22/Dec/2020:18:52:19 +0800] "GET /wp-content/plugins/wp-file-manager/readme.txt HTTP/1.1" 404 465 "-" "Mozilla/5.0 (Windows NT 10.0; Win64; x64) AppleWebKit/537.36 (KHTML, like Gecko) Chrome/78.0.3904.108 Safari/537.36"
45.146.164.15 - - [22/Dec/2020:18:52:20 +0800] "GET /console/ HTTP/1.1" 404 465 "-" "Mozilla/5.0 (Windows NT 10.0; Win64; x64) AppleWebKit/537.36 (KHTML, like Gecko) Chrome/78.0.3904.108 Safari/537.36"
45.146.164.15 - - [22/Dec/2020:18:52:22 +0800] "POST /mifs/.;/services/LogService HTTP/1.1" 404 465 "https://8.211.32.50:443" "Mozilla/5.0 (Windows NT 10.0; Win64; x64) AppleWebKit/537.36 (KHTML, like Gecko) Chrome/78.0.3904.108 Safari/537.36"
45.146.164.15 - - [22/Dec/2020:18:52:26 +0800] "POST /Autodiscover/Autodiscover.xml HTTP/1.1" 404 465 "-" "Mozilla/5.0 (Windows NT 10.0; Win64; x64) AppleWebKit/537.36 (KHTML, like Gecko) Chrome/78.0.3904.108 Safari/537.36"
192.241.214.123 - - [22/Dec/2020:21:55:45 +0800] "GET / HTTP/1.1" 200 1002 "-" "Mozilla/5.0 zgrab/0.x"
192.241.224.35 - - [22/Dec/2020:22:18:20 +0800] "GET /owa/auth/logon.aspx?url=https%3a%2f%2f1%2fecp%2f HTTP/1.1" 404 465 "-" "Mozilla/5.0 zgrab/0.x"
83.143.86.62 - - [23/Dec/2020:00:33:24 +0800] "GET / HTTP/1.1" 200 1002 "-" "Mozilla/5.0 zgrab/0.x"
50.64.17.231 - - [23/Dec/2020:02:06:49 +0800] "GET /error403.html HTTP/1.1" 200 451 "-" "Mozilla/5.0 (X11; Fedora; Linux x86_64; rv:84.0) Gecko/20100101 Firefox/84.0"
50.64.17.231 - - [23/Dec/2020:02:06:49 +0800] "GET /style.css HTTP/1.1" 304 - "https://www.hewlett-packard-lovecraft.tk/error403.html" "Mozilla/5.0 (X11; Fedora; Linux x86_64; rv:84.0) Gecko/20100101 Firefox/84.0"
128.14.133.58 - - [23/Dec/2020:02:53:29 +0800] "GET / HTTP/1.1" 200 1002 "-" "Mozilla/5.0 (Windows NT 10.0; Win64; x64) AppleWebKit/537.36 (KHTML, like Gecko) Chrome/60.0.3112.113 Safari/537.36"
65.60.11.210 - - [23/Dec/2020:03:17:21 +0800] "GET / HTTP/1.1" 200 1002 "-" "Mozilla/5.0 (Windows NT 10.0; Win64; x64) AppleWebKit/537.36 (KHTML, like Gecko) Chrome/60.0.3112.113 Safari/537.36"
47.242.18.184 - - [23/Dec/2020:04:28:42 +0800] "GET / HTTP/1.0" 400 957 "-" "-"
50.64.17.231 - - [23/Dec/2020:04:34:45 +0800] "GET /dotfiles/ HTTP/1.1" 200 946 "https://www.hewlett-packard-lovecraft.tk/" "Mozilla/5.0 (X11; Fedora; Linux x86_64; rv:84.0) Gecko/20100101 Firefox/84.0"
50.64.17.231 - - [23/Dec/2020:04:34:45 +0800] "GET /icons/back.gif HTTP/1.1" 200 216 "https://www.hewlett-packard-lovecraft.tk/dotfiles/" "Mozilla/5.0 (X11; Fedora; Linux x86_64; rv:84.0) Gecko/20100101 Firefox/84.0"
50.64.17.231 - - [23/Dec/2020:04:34:45 +0800] "GET /icons/blank.gif HTTP/1.1" 200 148 "https://www.hewlett-packard-lovecraft.tk/dotfiles/" "Mozilla/5.0 (X11; Fedora; Linux x86_64; rv:84.0) Gecko/20100101 Firefox/84.0"
50.64.17.231 - - [23/Dec/2020:04:34:45 +0800] "GET /icons/text.gif HTTP/1.1" 200 229 "https://www.hewlett-packard-lovecraft.tk/dotfiles/" "Mozilla/5.0 (X11; Fedora; Linux x86_64; rv:84.0) Gecko/20100101 Firefox/84.0"
50.64.17.231 - - [23/Dec/2020:04:34:45 +0800] "GET /icons/unknown.gif HTTP/1.1" 200 245 "https://www.hewlett-packard-lovecraft.tk/dotfiles/" "Mozilla/5.0 (X11; Fedora; Linux x86_64; rv:84.0) Gecko/20100101 Firefox/84.0"
50.64.17.231 - - [23/Dec/2020:04:34:45 +0800] "GET /favicon.ico HTTP/1.1" 404 465 "https://www.hewlett-packard-lovecraft.tk/dotfiles/" "Mozilla/5.0 (X11; Fedora; Linux x86_64; rv:84.0) Gecko/20100101 Firefox/84.0"
50.64.17.231 - - [23/Dec/2020:04:34:48 +0800] "GET /about.html HTTP/1.1" 200 396 "https://www.hewlett-packard-lovecraft.tk/" "Mozilla/5.0 (X11; Fedora; Linux x86_64; rv:84.0) Gecko/20100101 Firefox/84.0"
50.64.17.231 - - [23/Dec/2020:04:34:48 +0800] "GET /style.css HTTP/1.1" 200 1411 "https://www.hewlett-packard-lovecraft.tk/about.html" "Mozilla/5.0 (X11; Fedora; Linux x86_64; rv:84.0) Gecko/20100101 Firefox/84.0"
50.64.17.231 - - [23/Dec/2020:04:36:18 +0800] "GET /dotfiles/ HTTP/1.1" 200 946 "https://www.hewlett-packard-lovecraft.tk/" "Mozilla/5.0 (X11; Fedora; Linux x86_64; rv:84.0) Gecko/20100101 Firefox/84.0"
50.64.17.231 - - [23/Dec/2020:04:36:19 +0800] "GET /dotfiles/dnf.conf HTTP/1.1" 200 163 "https://www.hewlett-packard-lovecraft.tk/dotfiles/" "Mozilla/5.0 (X11; Fedora; Linux x86_64; rv:84.0) Gecko/20100101 Firefox/84.0"
50.64.17.231 - - [23/Dec/2020:04:36:23 +0800] "GET /dotfiles/sshd_config HTTP/1.1" 200 3586 "https://www.hewlett-packard-lovecraft.tk/dotfiles/" "Mozilla/5.0 (X11; Fedora; Linux x86_64; rv:84.0) Gecko/20100101 Firefox/84.0"
50.64.17.231 - - [23/Dec/2020:04:51:38 +0800] "GET /style.css HTTP/1.1" 200 1411 "https://www.hewlett-packard-lovecraft.tk/" "Mozilla/5.0 (X11; Fedora; Linux x86_64; rv:84.0) Gecko/20100101 Firefox/84.0"
50.64.17.231 - - [23/Dec/2020:04:51:39 +0800] "GET /press-start-webfont.woff2 HTTP/1.1" 200 14276 "https://www.hewlett-packard-lovecraft.tk/style.css" "Mozilla/5.0 (X11; Fedora; Linux x86_64; rv:84.0) Gecko/20100101 Firefox/84.0"
50.64.17.231 - - [23/Dec/2020:06:12:36 +0800] "GET /dotfiles/ HTTP/1.1" 200 946 "https://www.hewlett-packard-lovecraft.tk/" "Mozilla/5.0 (X11; Fedora; Linux x86_64; rv:84.0) Gecko/20100101 Firefox/84.0"
50.64.17.231 - - [23/Dec/2020:06:12:36 +0800] "GET /icons/blank.gif HTTP/1.1" 200 148 "https://www.hewlett-packard-lovecraft.tk/dotfiles/" "Mozilla/5.0 (X11; Fedora; Linux x86_64; rv:84.0) Gecko/20100101 Firefox/84.0"
50.64.17.231 - - [23/Dec/2020:06:12:36 +0800] "GET /icons/text.gif HTTP/1.1" 200 229 "https://www.hewlett-packard-lovecraft.tk/dotfiles/" "Mozilla/5.0 (X11; Fedora; Linux x86_64; rv:84.0) Gecko/20100101 Firefox/84.0"
50.64.17.231 - - [23/Dec/2020:06:12:36 +0800] "GET /icons/unknown.gif HTTP/1.1" 200 245 "https://www.hewlett-packard-lovecraft.tk/dotfiles/" "Mozilla/5.0 (X11; Fedora; Linux x86_64; rv:84.0) Gecko/20100101 Firefox/84.0"
50.64.17.231 - - [23/Dec/2020:06:12:36 +0800] "GET /icons/back.gif HTTP/1.1" 200 216 "https://www.hewlett-packard-lovecraft.tk/dotfiles/" "Mozilla/5.0 (X11; Fedora; Linux x86_64; rv:84.0) Gecko/20100101 Firefox/84.0"
73.77.186.38 - - [23/Dec/2020:07:47:11 +0800] "GET / HTTP/1.1" 200 1002 "-" "Mozilla/5.0 (X11; Linux x86_64; rv:84.0) Gecko/20100101 Firefox/84.0"
73.77.186.38 - - [23/Dec/2020:07:47:11 +0800] "GET /style.css HTTP/1.1" 200 1411 "https://www.hewlett-packard-lovecraft.tk/" "Mozilla/5.0 (X11; Linux x86_64; rv:84.0) Gecko/20100101 Firefox/84.0"
73.77.186.38 - - [23/Dec/2020:07:47:11 +0800] "GET /favicon.ico HTTP/1.1" 404 465 "https://www.hewlett-packard-lovecraft.tk/" "Mozilla/5.0 (X11; Linux x86_64; rv:84.0) Gecko/20100101 Firefox/84.0"
73.77.186.38 - - [23/Dec/2020:07:47:12 +0800] "GET /press-start-webfont.woff2 HTTP/1.1" 200 14276 "https://www.hewlett-packard-lovecraft.tk/style.css" "Mozilla/5.0 (X11; Linux x86_64; rv:84.0) Gecko/20100101 Firefox/84.0"
190.253.0.121 - - [23/Dec/2020:07:47:26 +0800] "GET / HTTP/1.1" 200 1002 "-" "Mozilla/5.0 (Windows NT 10.0; Win64; x64) AppleWebKit/537.36 (KHTML, like Gecko) Chrome/87.0.4280.101 Safari/537.36"
190.253.0.121 - - [23/Dec/2020:07:47:26 +0800] "GET /style.css HTTP/1.1" 200 1411 "https://www.hewlett-packard-lovecraft.tk/" "Mozilla/5.0 (Windows NT 10.0; Win64; x64) AppleWebKit/537.36 (KHTML, like Gecko) Chrome/87.0.4280.101 Safari/537.36"
190.253.0.121 - - [23/Dec/2020:07:47:26 +0800] "GET /press-start-webfont.woff2 HTTP/1.1" 200 14276 "https://www.hewlett-packard-lovecraft.tk/style.css" "Mozilla/5.0 (Windows NT 10.0; Win64; x64) AppleWebKit/537.36 (KHTML, like Gecko) Chrome/87.0.4280.101 Safari/537.36"
190.253.0.121 - - [23/Dec/2020:07:47:29 +0800] "GET /favicon.ico HTTP/1.1" 404 465 "https://www.hewlett-packard-lovecraft.tk/" "Mozilla/5.0 (Windows NT 10.0; Win64; x64) AppleWebKit/537.36 (KHTML, like Gecko) Chrome/87.0.4280.101 Safari/537.36"
71.163.181.71 - - [23/Dec/2020:07:47:31 +0800] "GET / HTTP/1.1" 200 1002 "-" "Mozilla/5.0 (X11; Ubuntu; Linux x86_64; rv:84.0) Gecko/20100101 Firefox/84.0"
71.163.181.71 - - [23/Dec/2020:07:47:32 +0800] "GET /style.css HTTP/1.1" 200 1411 "https://www.hewlett-packard-lovecraft.tk/" "Mozilla/5.0 (X11; Ubuntu; Linux x86_64; rv:84.0) Gecko/20100101 Firefox/84.0"
71.163.181.71 - - [23/Dec/2020:07:47:32 +0800] "GET /favicon.ico HTTP/1.1" 404 465 "https://www.hewlett-packard-lovecraft.tk/" "Mozilla/5.0 (X11; Ubuntu; Linux x86_64; rv:84.0) Gecko/20100101 Firefox/84.0"
71.163.181.71 - - [23/Dec/2020:07:47:32 +0800] "GET /press-start-webfont.woff2 HTTP/1.1" 200 14276 "https://www.hewlett-packard-lovecraft.tk/style.css" "Mozilla/5.0 (X11; Ubuntu; Linux x86_64; rv:84.0) Gecko/20100101 Firefox/84.0"
73.77.186.38 - - [23/Dec/2020:07:47:39 +0800] "GET /projects.html HTTP/1.1" 200 1654 "https://www.hewlett-packard-lovecraft.tk/" "Mozilla/5.0 (X11; Linux x86_64; rv:84.0) Gecko/20100101 Firefox/84.0"
71.163.181.71 - - [23/Dec/2020:07:47:40 +0800] "GET /openvpn.html HTTP/1.1" 200 606 "https://www.hewlett-packard-lovecraft.tk/" "Mozilla/5.0 (X11; Ubuntu; Linux x86_64; rv:84.0) Gecko/20100101 Firefox/84.0"
157.46.89.255 - - [23/Dec/2020:07:49:07 +0800] "GET / HTTP/1.1" 200 1002 "-" "Mozilla/5.0 (X11; Linux x86_64; rv:83.0) Gecko/20100101 Firefox/83.0"
157.46.89.255 - - [23/Dec/2020:07:49:08 +0800] "GET /style.css HTTP/1.1" 200 1411 "https://hewlett-packard-lovecraft.tk/" "Mozilla/5.0 (X11; Linux x86_64; rv:83.0) Gecko/20100101 Firefox/83.0"
157.46.89.255 - - [23/Dec/2020:07:49:08 +0800] "GET /favicon.ico HTTP/1.1" 404 465 "https://hewlett-packard-lovecraft.tk/" "Mozilla/5.0 (X11; Linux x86_64; rv:83.0) Gecko/20100101 Firefox/83.0"
157.46.89.255 - - [23/Dec/2020:07:49:08 +0800] "GET /press-start-webfont.woff2 HTTP/1.1" 200 14276 "https://hewlett-packard-lovecraft.tk/style.css" "Mozilla/5.0 (X11; Linux x86_64; rv:83.0) Gecko/20100101 Firefox/83.0"
157.46.89.255 - - [23/Dec/2020:07:49:15 +0800] "GET /about.html HTTP/1.1" 200 404 "https://hewlett-packard-lovecraft.tk/" "Mozilla/5.0 (X11; Linux x86_64; rv:83.0) Gecko/20100101 Firefox/83.0"
90.218.126.58 - - [23/Dec/2020:07:49:32 +0800] "GET / HTTP/1.1" 200 1002 "-" "Mozilla/5.0 (X11; Linux x86_64) AppleWebKit/537.36 (KHTML, like Gecko) Chrome/87.0.4280.66 Safari/537.36"
90.218.126.58 - - [23/Dec/2020:07:49:32 +0800] "GET /style.css HTTP/1.1" 200 1411 "https://www.hewlett-packard-lovecraft.tk/" "Mozilla/5.0 (X11; Linux x86_64) AppleWebKit/537.36 (KHTML, like Gecko) Chrome/87.0.4280.66 Safari/537.36"
90.218.126.58 - - [23/Dec/2020:07:49:32 +0800] "GET /press-start-webfont.woff2 HTTP/1.1" 200 14276 "https://www.hewlett-packard-lovecraft.tk/style.css" "Mozilla/5.0 (X11; Linux x86_64) AppleWebKit/537.36 (KHTML, like Gecko) Chrome/87.0.4280.66 Safari/537.36"
90.218.126.58 - - [23/Dec/2020:07:49:32 +0800] "GET /favicon.ico HTTP/1.1" 404 465 "https://www.hewlett-packard-lovecraft.tk/" "Mozilla/5.0 (X11; Linux x86_64) AppleWebKit/537.36 (KHTML, like Gecko) Chrome/87.0.4280.66 Safari/537.36"
90.218.126.58 - - [23/Dec/2020:07:49:37 +0800] "GET /projects.html HTTP/1.1" 200 1654 "https://www.hewlett-packard-lovecraft.tk/" "Mozilla/5.0 (X11; Linux x86_64) AppleWebKit/537.36 (KHTML, like Gecko) Chrome/87.0.4280.66 Safari/537.36"
90.218.126.58 - - [23/Dec/2020:07:49:42 +0800] "-" 408 - "-" "-"
211.95.50.162 - - [23/Dec/2020:07:55:46 +0800] "GET / HTTP/1.0" 400 957 "-" "-"
66.249.64.157 - - [23/Dec/2020:08:14:02 +0800] "GET /robots.txt HTTP/1.1" 404 465 "-" "Mozilla/5.0 (compatible; Googlebot/2.1; +http://www.google.com/bot.html)"
66.249.64.155 - - [23/Dec/2020:08:14:03 +0800] "GET /icons/layout.gif HTTP/1.1" 200 276 "-" "Googlebot-Image/1.0"
157.46.89.255 - - [23/Dec/2020:08:17:29 +0800] "GET /textbooks/ HTTP/1.1" 200 4029 "https://hewlett-packard-lovecraft.tk/" "Mozilla/5.0 (X11; Linux x86_64; rv:83.0) Gecko/20100101 Firefox/83.0"
157.46.89.255 - - [23/Dec/2020:08:17:29 +0800] "GET /icons/blank.gif HTTP/1.1" 200 148 "https://hewlett-packard-lovecraft.tk/textbooks/" "Mozilla/5.0 (X11; Linux x86_64; rv:83.0) Gecko/20100101 Firefox/83.0"
157.46.89.255 - - [23/Dec/2020:08:17:29 +0800] "GET /icons/back.gif HTTP/1.1" 200 216 "https://hewlett-packard-lovecraft.tk/textbooks/" "Mozilla/5.0 (X11; Linux x86_64; rv:83.0) Gecko/20100101 Firefox/83.0"
157.46.89.255 - - [23/Dec/2020:08:17:30 +0800] "GET /icons/layout.gif HTTP/1.1" 200 276 "https://hewlett-packard-lovecraft.tk/textbooks/" "Mozilla/5.0 (X11; Linux x86_64; rv:83.0) Gecko/20100101 Firefox/83.0"
157.46.89.255 - - [23/Dec/2020:08:17:30 +0800] "GET /icons/unknown.gif HTTP/1.1" 200 245 "https://hewlett-packard-lovecraft.tk/textbooks/" "Mozilla/5.0 (X11; Linux x86_64; rv:83.0) Gecko/20100101 Firefox/83.0"
157.46.89.255 - - [23/Dec/2020:08:17:30 +0800] "GET /icons/folder.gif HTTP/1.1" 200 225 "https://hewlett-packard-lovecraft.tk/textbooks/" "Mozilla/5.0 (X11; Linux x86_64; rv:83.0) Gecko/20100101 Firefox/83.0"
157.46.89.255 - - [23/Dec/2020:08:17:42 +0800] "GET /projects.html HTTP/1.1" 200 1654 "https://hewlett-packard-lovecraft.tk/" "Mozilla/5.0 (X11; Linux x86_64; rv:83.0) Gecko/20100101 Firefox/83.0"
157.46.89.255 - - [23/Dec/2020:08:17:42 +0800] "GET /style.css HTTP/1.1" 304 - "https://hewlett-packard-lovecraft.tk/projects.html" "Mozilla/5.0 (X11; Linux x86_64; rv:83.0) Gecko/20100101 Firefox/83.0"
66.249.64.153 - - [23/Dec/2020:08:21:32 +0800] "GET / HTTP/1.1" 200 1002 "-" "Mozilla/5.0 (Linux; Android 6.0.1; Nexus 5X Build/MMB29P) AppleWebKit/537.36 (KHTML, like Gecko) Chrome/87.0.4280.90 Mobile Safari/537.36 (compatible; Googlebot/2.1; +http://www.google.com/bot.html)"
66.249.64.153 - - [23/Dec/2020:08:21:36 +0800] "GET /style.css HTTP/1.1" 200 1411 "https://www.hewlett-packard-lovecraft.tk/" "Mozilla/5.0 (Linux; Android 6.0.1; Nexus 5X Build/MMB29P) AppleWebKit/537.36 (KHTML, like Gecko) Chrome/87.0.4280.90 Mobile Safari/537.36 (compatible; Googlebot/2.1; +http://www.google.com/bot.html)"
66.249.64.153 - - [23/Dec/2020:08:22:06 +0800] "GET /favicon.ico HTTP/1.1" 404 465 "-" "Googlebot-Image/1.0"
128.14.133.58 - - [23/Dec/2020:08:36:48 +0800] "GET / HTTP/1.1" 200 1002 "-" "Mozilla/5.0 (Windows NT 10.0; Win64; x64) AppleWebKit/537.36 (KHTML, like Gecko) Chrome/60.0.3112.113 Safari/537.36"
66.249.64.155 - - [23/Dec/2020:09:22:53 +0800] "GET /favicon.ico HTTP/1.1" 404 465 "-" "Googlebot-Image/1.0"
198.143.185.10 - - [23/Dec/2020:09:51:05 +0800] "GET / HTTP/1.1" 200 1002 "-" "Mozilla/5.0 (Windows NT 10.0; WOW64) AppleWebKit/537.36 (KHTML, like Gecko) Chrome/66.0.3359.117 Safari/537.36"
71.6.146.185 - - [23/Dec/2020:09:53:15 +0800] "GET / HTTP/1.1" 200 1002 "-" "Mozilla/5.0 (X11; Linux x86_64) AppleWebKit/537.36 (KHTML, like Gecko) Chrome/34.0.1847.137 Safari/537.36"
71.6.146.185 - - [23/Dec/2020:09:53:21 +0800] "\n" 400 957 "-" "-"
71.6.146.185 - - [23/Dec/2020:09:53:21 +0800] "\n" 400 957 "-" "-"
71.6.146.185 - - [23/Dec/2020:09:53:22 +0800] "\n" 400 957 "-" "-"
71.6.146.185 - - [23/Dec/2020:09:53:23 +0800] "\n" 400 957 "-" "-"
71.6.146.185 - - [23/Dec/2020:09:53:30 +0800] "GET /robots.txt HTTP/1.1" 404 465 "-" "-"
71.6.146.185 - - [23/Dec/2020:09:53:30 +0800] "GET /sitemap.xml HTTP/1.1" 404 465 "-" "-"
71.6.146.185 - - [23/Dec/2020:09:53:31 +0800] "GET /.well-known/security.txt HTTP/1.1" 404 465 "-" "-"
71.6.146.185 - - [23/Dec/2020:09:53:32 +0800] "\n" 400 957 "-" "-"
71.6.146.185 - - [23/Dec/2020:09:53:38 +0800] "GET /favicon.ico HTTP/1.1" 404 465 "-" "Mozilla/5.0 (Macintosh; Intel Mac OS X 10.15; rv:80.0) Gecko/20100101 Firefox/80.0"
50.64.17.231 - - [23/Dec/2020:10:03:50 +0800] "GET /style.css HTTP/1.1" 200 1411 "https://www.hewlett-packard-lovecraft.tk/" "Mozilla/5.0 (X11; Fedora; Linux x86_64; rv:84.0) Gecko/20100101 Firefox/84.0"
50.64.17.231 - - [23/Dec/2020:10:03:50 +0800] "GET /press-start-webfont.woff2 HTTP/1.1" 200 14276 "https://www.hewlett-packard-lovecraft.tk/style.css" "Mozilla/5.0 (X11; Fedora; Linux x86_64; rv:84.0) Gecko/20100101 Firefox/84.0"
50.64.17.231 - - [23/Dec/2020:10:03:55 +0800] "GET /people.html HTTP/1.1" 200 1037 "https://www.hewlett-packard-lovecraft.tk/" "Mozilla/5.0 (X11; Fedora; Linux x86_64; rv:84.0) Gecko/20100101 Firefox/84.0"
50.64.17.231 - - [23/Dec/2020:10:07:27 +0800] "GET / HTTP/1.1" 200 1002 "-" "Mozilla/5.0 (X11; Fedora; Linux x86_64; rv:84.0) Gecko/20100101 Firefox/84.0"
50.64.17.231 - - [23/Dec/2020:10:07:27 +0800] "GET /style.css HTTP/1.1" 200 1417 "https://www.hewlett-packard-lovecraft.tk/" "Mozilla/5.0 (X11; Fedora; Linux x86_64; rv:84.0) Gecko/20100101 Firefox/84.0"
50.64.17.231 - - [23/Dec/2020:10:07:27 +0800] "GET /favicon.ico HTTP/1.1" 404 465 "https://www.hewlett-packard-lovecraft.tk/" "Mozilla/5.0 (X11; Fedora; Linux x86_64; rv:84.0) Gecko/20100101 Firefox/84.0"
50.64.17.231 - - [23/Dec/2020:10:07:28 +0800] "GET /press-start-webfont.woff2 HTTP/1.1" 200 14276 "https://www.hewlett-packard-lovecraft.tk/style.css" "Mozilla/5.0 (X11; Fedora; Linux x86_64; rv:84.0) Gecko/20100101 Firefox/84.0"
50.64.17.231 - - [23/Dec/2020:10:07:50 +0800] "GET /about.html HTTP/1.1" 200 404 "https://www.hewlett-packard-lovecraft.tk/" "Mozilla/5.0 (X11; Fedora; Linux x86_64; rv:84.0) Gecko/20100101 Firefox/84.0"
50.64.17.231 - - [23/Dec/2020:10:07:51 +0800] "GET /style.css HTTP/1.1" 304 - "https://www.hewlett-packard-lovecraft.tk/about.html" "Mozilla/5.0 (X11; Fedora; Linux x86_64; rv:84.0) Gecko/20100101 Firefox/84.0"
192.241.221.77 - - [23/Dec/2020:11:19:18 +0800] "GET /actuator/health HTTP/1.1" 404 465 "-" "Mozilla/5.0 zgrab/0.x"
50.64.17.231 - - [23/Dec/2020:11:56:23 +0800] "GET /style.css HTTP/1.1" 200 1411 "https://www.hewlett-packard-lovecraft.tk/" "Mozilla/5.0 (Android 10; Mobile; rv:85.0) Gecko/85.0 Firefox/85.0"
50.64.17.231 - - [23/Dec/2020:11:56:33 +0800] "-" 408 - "-" "-"
50.64.17.231 - - [23/Dec/2020:11:57:56 +0800] "GET / HTTP/1.1" 200 1002 "-" "Mozilla/5.0 (Android 10; Mobile; rv:85.0) Gecko/85.0 Firefox/85.0"
50.64.17.231 - - [23/Dec/2020:11:57:56 +0800] "GET /style.css HTTP/1.1" 200 1411 "https://www.hewlett-packard-lovecraft.tk/" "Mozilla/5.0 (Android 10; Mobile; rv:85.0) Gecko/85.0 Firefox/85.0"
50.64.17.231 - - [23/Dec/2020:11:57:56 +0800] "GET /press-start-webfont.woff2 HTTP/1.1" 200 14276 "https://www.hewlett-packard-lovecraft.tk/style.css" "Mozilla/5.0 (Android 10; Mobile; rv:85.0) Gecko/85.0 Firefox/85.0"
